mode: count
github.com/brian/sink/src/bootstrap.go:15.25,16.22 1 0
github.com/brian/sink/src/bootstrap.go:16.22,21.3 4 0
github.com/brian/sink/src/bootstrap.go:24.2,30.36 6 0
github.com/brian/sink/src/bootstrap.go:30.36,32.10 2 0
github.com/brian/sink/src/bootstrap.go:33.39,35.14 2 0
github.com/brian/sink/src/bootstrap.go:36.27,37.17 1 0
github.com/brian/sink/src/bootstrap.go:38.33,39.23 1 0
github.com/brian/sink/src/bootstrap.go:40.50,42.7 2 0
github.com/brian/sink/src/bootstrap.go:43.48,45.7 2 0
github.com/brian/sink/src/bootstrap.go:46.11,48.14 2 0
github.com/brian/sink/src/bootstrap.go:53.2,56.95 3 0
github.com/brian/sink/src/bootstrap.go:56.95,58.17 2 0
github.com/brian/sink/src/bootstrap.go:58.17,61.4 2 0
github.com/brian/sink/src/bootstrap.go:62.8,65.17 2 0
github.com/brian/sink/src/bootstrap.go:65.17,68.4 2 0
github.com/brian/sink/src/bootstrap.go:72.2,72.52 1 0
github.com/brian/sink/src/bootstrap.go:76.95,79.14 2 6
github.com/brian/sink/src/bootstrap.go:79.14,83.44 2 0
github.com/brian/sink/src/bootstrap.go:83.44,85.67 2 0
github.com/brian/sink/src/bootstrap.go:85.67,88.5 2 0
github.com/brian/sink/src/bootstrap.go:93.2,93.80 1 6
github.com/brian/sink/src/bootstrap.go:93.80,95.3 1 1
github.com/brian/sink/src/bootstrap.go:98.2,104.16 4 5
github.com/brian/sink/src/bootstrap.go:104.16,106.3 1 0
github.com/brian/sink/src/bootstrap.go:107.2,109.38 2 5
github.com/brian/sink/src/bootstrap.go:109.38,111.3 1 1
github.com/brian/sink/src/bootstrap.go:114.2,115.16 2 4
github.com/brian/sink/src/bootstrap.go:115.16,117.3 1 0
github.com/brian/sink/src/bootstrap.go:120.2,120.26 1 4
github.com/brian/sink/src/bootstrap.go:120.26,121.62 1 2
github.com/brian/sink/src/bootstrap.go:121.62,123.4 1 1
github.com/brian/sink/src/bootstrap.go:124.3,124.38 1 1
github.com/brian/sink/src/bootstrap.go:125.8,125.47 1 2
github.com/brian/sink/src/bootstrap.go:125.47,127.3 1 0
github.com/brian/sink/src/bootstrap.go:130.2,131.54 2 3
github.com/brian/sink/src/bootstrap.go:131.54,133.3 1 1
github.com/brian/sink/src/bootstrap.go:137.2,138.21 2 2
github.com/brian/sink/src/bootstrap.go:142.45,143.22 1 4
github.com/brian/sink/src/bootstrap.go:144.20,145.71 1 1
github.com/brian/sink/src/bootstrap.go:146.23,148.24 2 1
github.com/brian/sink/src/bootstrap.go:148.24,150.4 1 1
github.com/brian/sink/src/bootstrap.go:151.3,151.66 1 1
github.com/brian/sink/src/bootstrap.go:152.24,153.70 1 1
github.com/brian/sink/src/bootstrap.go:154.23,155.91 1 1
github.com/brian/sink/src/bootstrap.go:156.10,157.84 1 0
github.com/brian/sink/src/bootstrap.go:159.2,159.61 1 4
github.com/brian/sink/src/bootstrap.go:163.48,169.16 3 2
github.com/brian/sink/src/bootstrap.go:169.16,171.3 1 0
github.com/brian/sink/src/bootstrap.go:172.2,174.38 2 2
github.com/brian/sink/src/bootstrap.go:174.38,176.3 1 1
github.com/brian/sink/src/bootstrap.go:178.2,179.16 2 1
github.com/brian/sink/src/bootstrap.go:179.16,181.3 1 0
github.com/brian/sink/src/bootstrap.go:184.2,185.55 2 1
github.com/brian/sink/src/bootstrap.go:185.55,187.3 1 1
github.com/brian/sink/src/bootstrap.go:189.2,189.22 1 1
github.com/brian/sink/src/bootstrap.go:193.60,200.30 5 4
github.com/brian/sink/src/bootstrap.go:200.30,202.3 1 2
github.com/brian/sink/src/bootstrap.go:204.2,204.12 1 2
github.com/brian/sink/src/bootstrap.go:208.27,295.2 1 0
github.com/brian/sink/src/config.go:29.51,33.21 3 10
github.com/brian/sink/src/config.go:33.21,36.17 2 0
github.com/brian/sink/src/config.go:36.17,38.4 1 0
github.com/brian/sink/src/config.go:39.8,41.17 2 10
github.com/brian/sink/src/config.go:41.17,43.4 1 3
github.com/brian/sink/src/config.go:46.2,47.54 2 7
github.com/brian/sink/src/config.go:47.54,49.3 1 3
github.com/brian/sink/src/config.go:52.2,52.34 1 4
github.com/brian/sink/src/config.go:52.34,53.66 1 3
github.com/brian/sink/src/config.go:53.66,55.4 1 0
github.com/brian/sink/src/config.go:58.2,58.48 1 4
github.com/brian/sink/src/config.go:58.48,60.3 1 2
github.com/brian/sink/src/config.go:62.2,62.21 1 2
github.com/brian/sink/src/config.go:66.51,68.36 1 6
github.com/brian/sink/src/config.go:68.36,69.40 1 5
github.com/brian/sink/src/config.go:69.40,70.70 1 5
github.com/brian/sink/src/config.go:70.70,72.5 1 1
github.com/brian/sink/src/config.go:77.2,77.41 1 5
github.com/brian/sink/src/config.go:77.41,79.37 2 1
github.com/brian/sink/src/config.go:79.37,80.67 1 1
github.com/brian/sink/src/config.go:80.67,82.5 1 1
github.com/brian/sink/src/config.go:86.2,86.12 1 4
github.com/brian/sink/src/config.go:91.48,94.22 1 6
github.com/brian/sink/src/config.go:94.22,96.3 1 2
github.com/brian/sink/src/config.go:97.2,97.12 1 4
github.com/brian/sink/src/config.go:101.43,103.26 1 20
github.com/brian/sink/src/config.go:103.26,105.3 1 3
github.com/brian/sink/src/config.go:108.2,108.32 1 17
github.com/brian/sink/src/config.go:108.32,110.3 1 3
github.com/brian/sink/src/config.go:113.2,113.42 1 14
github.com/brian/sink/src/config.go:113.42,114.56 1 6
github.com/brian/sink/src/config.go:114.56,116.4 1 3
github.com/brian/sink/src/config.go:120.2,120.44 1 11
github.com/brian/sink/src/config.go:120.44,121.53 1 12
github.com/brian/sink/src/config.go:121.53,123.4 1 3
github.com/brian/sink/src/config.go:129.2,129.12 1 8
github.com/brian/sink/src/config.go:133.58,135.38 1 44
github.com/brian/sink/src/config.go:135.38,137.3 1 11
github.com/brian/sink/src/config.go:140.2,140.46 1 33
github.com/brian/sink/src/config.go:140.46,142.3 1 5
github.com/brian/sink/src/config.go:145.2,145.73 1 28
github.com/brian/sink/src/config.go:145.73,147.3 1 7
github.com/brian/sink/src/config.go:150.2,150.45 1 21
github.com/brian/sink/src/config.go:150.45,151.32 1 8
github.com/brian/sink/src/config.go:151.32,153.4 1 3
github.com/brian/sink/src/config.go:157.2,157.32 1 18
github.com/brian/sink/src/config.go:157.32,158.53 1 5
github.com/brian/sink/src/config.go:158.53,160.4 1 3
github.com/brian/sink/src/config.go:164.2,164.24 1 15
github.com/brian/sink/src/config.go:164.24,170.32 2 5
github.com/brian/sink/src/config.go:170.32,172.4 1 2
github.com/brian/sink/src/config.go:175.2,175.12 1 13
github.com/brian/sink/src/config.go:179.49,180.23 1 29
github.com/brian/sink/src/config.go:180.23,182.3 1 3
github.com/brian/sink/src/config.go:183.2,183.26 1 26
github.com/brian/sink/src/config.go:183.26,185.3 1 3
github.com/brian/sink/src/config.go:186.2,186.25 1 23
github.com/brian/sink/src/config.go:186.25,188.3 1 2
github.com/brian/sink/src/config.go:191.2,194.28 3 21
github.com/brian/sink/src/config.go:194.28,196.3 1 3
github.com/brian/sink/src/config.go:197.2,197.26 1 18
github.com/brian/sink/src/config.go:197.26,199.3 1 1
github.com/brian/sink/src/config.go:202.2,202.46 1 17
github.com/brian/sink/src/config.go:202.46,203.53 1 7
github.com/brian/sink/src/config.go:203.53,205.4 1 4
github.com/brian/sink/src/config.go:208.2,208.12 1 13
github.com/brian/sink/src/config.go:212.53,213.24 1 11
github.com/brian/sink/src/config.go:213.24,215.3 1 3
github.com/brian/sink/src/config.go:216.2,216.21 1 8
github.com/brian/sink/src/config.go:216.21,218.3 1 2
github.com/brian/sink/src/config.go:219.2,219.33 1 6
github.com/brian/sink/src/config.go:219.33,221.3 1 2
github.com/brian/sink/src/config.go:222.2,222.12 1 4
github.com/brian/sink/src/executor.go:21.49,31.2 3 36
github.com/brian/sink/src/executor.go:34.55,42.19 3 36
github.com/brian/sink/src/executor.go:42.19,44.3 1 22
github.com/brian/sink/src/executor.go:47.2,48.19 2 36
github.com/brian/sink/src/executor.go:48.19,50.3 1 22
github.com/brian/sink/src/executor.go:53.2,54.19 2 36
github.com/brian/sink/src/executor.go:54.19,56.3 1 22
github.com/brian/sink/src/executor.go:59.2,60.19 2 36
github.com/brian/sink/src/executor.go:60.19,62.3 1 22
github.com/brian/sink/src/executor.go:65.2,66.19 2 36
github.com/brian/sink/src/executor.go:66.19,68.3 1 22
github.com/brian/sink/src/executor.go:71.2,71.48 1 36
github.com/brian/sink/src/executor.go:71.48,73.3 1 22
github.com/brian/sink/src/executor.go:76.2,76.12 1 36
github.com/brian/sink/src/executor.go:80.50,82.2 1 5
github.com/brian/sink/src/executor.go:85.74,94.14 2 34
github.com/brian/sink/src/executor.go:94.14,107.3 2 3
github.com/brian/sink/src/executor.go:110.2,111.31 2 31
github.com/brian/sink/src/executor.go:112.19,113.49 1 19
github.com/brian/sink/src/executor.go:114.22,115.52 1 5
github.com/brian/sink/src/executor.go:116.26,117.56 1 6
github.com/brian/sink/src/executor.go:118.21,119.44 1 1
github.com/brian/sink/src/executor.go:120.10,125.4 1 0
github.com/brian/sink/src/executor.go:129.2,130.24 2 31
github.com/brian/sink/src/executor.go:130.24,132.3 1 10
github.com/brian/sink/src/executor.go:133.2,142.15 2 31
github.com/brian/sink/src/executor.go:146.81,149.45 2 7
github.com/brian/sink/src/executor.go:149.45,154.25 3 12
github.com/brian/sink/src/executor.go:154.25,155.9 1 1
github.com/brian/sink/src/executor.go:159.2,159.16 1 7
github.com/brian/sink/src/executor.go:163.93,165.47 1 29
github.com/brian/sink/src/executor.go:165.47,167.3 1 8
github.com/brian/sink/src/executor.go:170.2,171.16 2 21
github.com/brian/sink/src/executor.go:171.16,177.3 1 2
github.com/brian/sink/src/executor.go:180.2,182.33 2 19
github.com/brian/sink/src/executor.go:182.33,184.17 2 4
github.com/brian/sink/src/executor.go:184.17,186.4 1 0
github.com/brian/sink/src/executor.go:187.3,187.19 1 4
github.com/brian/sink/src/executor.go:187.19,189.4 1 1
github.com/brian/sink/src/executor.go:191.3,197.4 1 4
github.com/brian/sink/src/executor.go:200.2,205.3 1 15
github.com/brian/sink/src/executor.go:209.102,212.16 2 8
github.com/brian/sink/src/executor.go:212.16,218.3 1 0
github.com/brian/sink/src/executor.go:221.2,222.46 2 8
github.com/brian/sink/src/executor.go:222.46,224.17 2 6
github.com/brian/sink/src/executor.go:224.17,230.4 1 2
github.com/brian/sink/src/executor.go:231.3,231.24 1 4
github.com/brian/sink/src/executor.go:231.24,233.4 1 3
github.com/brian/sink/src/executor.go:237.2,244.34 6 6
github.com/brian/sink/src/executor.go:244.34,248.34 2 7
github.com/brian/sink/src/executor.go:248.34,256.4 2 5
github.com/brian/sink/src/executor.go:259.3,262.19 3 2
github.com/brian/sink/src/executor.go:262.19,264.4 1 0
github.com/brian/sink/src/executor.go:264.9,264.24 1 2
github.com/brian/sink/src/executor.go:264.24,266.4 1 0
github.com/brian/sink/src/executor.go:266.9,268.4 1 2
github.com/brian/sink/src/executor.go:271.3,271.27 1 2
github.com/brian/sink/src/executor.go:275.2,284.3 3 1
github.com/brian/sink/src/executor.go:288.101,291.16 2 5
github.com/brian/sink/src/executor.go:291.16,297.3 1 0
github.com/brian/sink/src/executor.go:300.2,302.19 2 5
github.com/brian/sink/src/executor.go:302.19,309.3 1 2
github.com/brian/sink/src/executor.go:311.2,315.3 1 3
github.com/brian/sink/src/executor.go:319.112,322.16 2 6
github.com/brian/sink/src/executor.go:322.16,328.3 1 0
github.com/brian/sink/src/executor.go:331.2,333.19 2 6
github.com/brian/sink/src/executor.go:333.19,340.3 1 2
github.com/brian/sink/src/executor.go:343.2,344.45 2 4
github.com/brian/sink/src/executor.go:344.45,349.28 3 4
github.com/brian/sink/src/executor.go:349.28,356.4 1 2
github.com/brian/sink/src/executor.go:359.2,364.3 1 2
github.com/brian/sink/src/executor.go:368.88,370.55 1 5
github.com/brian/sink/src/executor.go:370.55,372.3 1 1
github.com/brian/sink/src/executor.go:375.2,376.16 2 4
github.com/brian/sink/src/executor.go:376.16,382.3 1 0
github.com/brian/sink/src/executor.go:385.2,387.33 2 4
github.com/brian/sink/src/executor.go:387.33,389.17 2 2
github.com/brian/sink/src/executor.go:389.17,391.4 1 0
github.com/brian/sink/src/executor.go:392.3,392.19 1 2
github.com/brian/sink/src/executor.go:392.19,394.4 1 1
github.com/brian/sink/src/executor.go:396.3,402.4 1 2
github.com/brian/sink/src/executor.go:405.2,410.3 1 2
github.com/brian/sink/src/executor.go:414.97,417.16 2 1
github.com/brian/sink/src/executor.go:417.16,423.3 1 0
github.com/brian/sink/src/executor.go:426.2,427.54 2 1
github.com/brian/sink/src/executor.go:427.54,429.17 2 1
github.com/brian/sink/src/executor.go:429.17,435.4 1 0
github.com/brian/sink/src/executor.go:436.3,436.24 1 1
github.com/brian/sink/src/executor.go:436.24,438.4 1 1
github.com/brian/sink/src/executor.go:442.2,449.34 6 1
github.com/brian/sink/src/executor.go:449.34,453.34 2 2
github.com/brian/sink/src/executor.go:453.34,461.4 2 1
github.com/brian/sink/src/executor.go:464.3,467.19 3 1
github.com/brian/sink/src/executor.go:467.19,469.4 1 0
github.com/brian/sink/src/executor.go:469.9,469.24 1 1
github.com/brian/sink/src/executor.go:469.24,471.4 1 0
github.com/brian/sink/src/executor.go:471.9,473.4 1 1
github.com/brian/sink/src/executor.go:476.3,476.27 1 1
github.com/brian/sink/src/executor.go:480.2,489.3 3 0
github.com/brian/sink/src/executor.go:493.88,499.2 1 1
github.com/brian/sink/src/executor.go:502.77,503.18 1 45
github.com/brian/sink/src/executor.go:503.18,505.3 1 29
github.com/brian/sink/src/executor.go:507.2,508.16 2 16
github.com/brian/sink/src/executor.go:508.16,510.3 1 2
github.com/brian/sink/src/executor.go:512.2,513.50 2 14
github.com/brian/sink/src/executor.go:513.50,515.3 1 0
github.com/brian/sink/src/executor.go:517.2,517.26 1 14
github.com/brian/sink/src/executor.go:521.52,525.22 2 68
github.com/brian/sink/src/executor.go:525.22,527.3 1 14
github.com/brian/sink/src/executor.go:531.29,533.2 1 36
github.com/brian/sink/src/facts.go:23.89,29.2 1 11
github.com/brian/sink/src/facts.go:32.49,35.40 2 11
github.com/brian/sink/src/facts.go:35.40,37.29 1 18
github.com/brian/sink/src/facts.go:37.29,39.43 2 1
github.com/brian/sink/src/facts.go:39.43,40.33 1 1
github.com/brian/sink/src/facts.go:40.33,42.11 2 0
github.com/brian/sink/src/facts.go:45.4,45.16 1 1
github.com/brian/sink/src/facts.go:45.16,46.13 1 1
github.com/brian/sink/src/facts.go:51.3,54.34 2 17
github.com/brian/sink/src/facts.go:54.34,55.20 1 4
github.com/brian/sink/src/facts.go:55.20,57.5 1 2
github.com/brian/sink/src/facts.go:59.4,59.12 1 2
github.com/brian/sink/src/facts.go:63.3,66.27 2 13
github.com/brian/sink/src/facts.go:66.27,68.18 2 2
github.com/brian/sink/src/facts.go:68.18,69.21 1 1
github.com/brian/sink/src/facts.go:69.21,71.6 1 1
github.com/brian/sink/src/facts.go:72.5,72.13 1 0
github.com/brian/sink/src/facts.go:74.4,74.23 1 1
github.com/brian/sink/src/facts.go:78.3,79.17 2 12
github.com/brian/sink/src/facts.go:79.17,80.20 1 0
github.com/brian/sink/src/facts.go:80.20,82.5 1 0
github.com/brian/sink/src/facts.go:83.4,83.12 1 0
github.com/brian/sink/src/facts.go:86.3,86.27 1 12
github.com/brian/sink/src/facts.go:89.2,89.19 1 8
github.com/brian/sink/src/facts.go:93.54,96.33 2 2
github.com/brian/sink/src/facts.go:96.33,98.30 2 4
github.com/brian/sink/src/facts.go:98.30,99.12 1 0
github.com/brian/sink/src/facts.go:103.3,104.28 2 4
github.com/brian/sink/src/facts.go:105.15,106.16 1 3
github.com/brian/sink/src/facts.go:107.13,108.36 1 1
github.com/brian/sink/src/facts.go:109.14,110.39 1 0
github.com/brian/sink/src/facts.go:111.11,112.35 1 0
github.com/brian/sink/src/facts.go:115.3,115.72 1 4
github.com/brian/sink/src/facts.go:118.2,118.16 1 2
github.com/brian/sink/src/facts.go:122.93,123.22 1 6
github.com/brian/sink/src/facts.go:123.22,125.3 1 1
github.com/brian/sink/src/facts.go:127.2,127.45 1 5
github.com/brian/sink/src/facts.go:127.45,129.3 1 2
github.com/brian/sink/src/facts.go:131.2,131.12 1 3
github.com/brian/sink/src/facts.go:131.12,133.3 1 2
github.com/brian/sink/src/facts.go:135.2,135.19 1 1
github.com/brian/sink/src/facts.go:139.64,140.13 1 19
github.com/brian/sink/src/facts.go:141.20,142.20 1 13
github.com/brian/sink/src/facts.go:143.17,144.22 1 4
github.com/brian/sink/src/facts.go:144.22,146.4 1 2
github.com/brian/sink/src/facts.go:147.3,147.23 1 2
github.com/brian/sink/src/facts.go:147.23,149.4 1 1
github.com/brian/sink/src/facts.go:150.3,150.66 1 1
github.com/brian/sink/src/facts.go:151.17,153.17 2 2
github.com/brian/sink/src/facts.go:153.17,155.4 1 1
github.com/brian/sink/src/facts.go:156.3,156.16 1 1
github.com/brian/sink/src/facts.go:157.10,158.51 1 0
github.com/brian/sink/src/github.go:29.56,32.67 2 42
github.com/brian/sink/src/github.go:32.67,42.3 5 26
github.com/brian/sink/src/github.go:45.2,46.71 2 16
github.com/brian/sink/src/github.go:46.71,56.3 2 6
github.com/brian/sink/src/github.go:58.2,58.19 1 10
github.com/brian/sink/src/github.go:62.49,65.36 2 26
github.com/brian/sink/src/github.go:65.36,67.3 1 8
github.com/brian/sink/src/github.go:70.2,71.37 2 18
github.com/brian/sink/src/github.go:71.37,73.3 1 1
github.com/brian/sink/src/github.go:76.2,77.38 2 17
github.com/brian/sink/src/github.go:77.38,79.3 1 4
github.com/brian/sink/src/github.go:82.2,83.41 2 13
github.com/brian/sink/src/github.go:83.41,84.20 1 46
github.com/brian/sink/src/github.go:84.20,86.4 1 10
github.com/brian/sink/src/github.go:90.2,90.25 1 3
github.com/brian/sink/src/main.go:15.13,16.22 1 0
github.com/brian/sink/src/main.go:16.22,19.3 2 0
github.com/brian/sink/src/main.go:21.2,24.72 2 0
github.com/brian/sink/src/main.go:24.72,27.3 2 0
github.com/brian/sink/src/main.go:29.2,29.17 1 0
github.com/brian/sink/src/main.go:30.36,31.43 1 0
github.com/brian/sink/src/main.go:32.25,33.19 1 0
github.com/brian/sink/src/main.go:34.19,35.21 1 0
github.com/brian/sink/src/main.go:36.16,37.18 1 0
github.com/brian/sink/src/main.go:38.15,39.17 1 0
github.com/brian/sink/src/main.go:40.18,41.20 1 0
github.com/brian/sink/src/main.go:42.16,43.18 1 0
github.com/brian/sink/src/main.go:44.30,46.23 1 0
github.com/brian/sink/src/main.go:46.23,48.4 1 0
github.com/brian/sink/src/main.go:48.9,50.4 1 0
github.com/brian/sink/src/main.go:51.10,54.13 3 0
github.com/brian/sink/src/main.go:58.19,96.2 1 0
github.com/brian/sink/src/main.go:98.39,99.17 1 0
github.com/brian/sink/src/main.go:100.25,101.21 1 0
github.com/brian/sink/src/main.go:102.19,103.23 1 0
github.com/brian/sink/src/main.go:104.16,105.20 1 0
github.com/brian/sink/src/main.go:106.15,107.19 1 0
github.com/brian/sink/src/main.go:108.18,109.22 1 0
github.com/brian/sink/src/main.go:110.16,111.20 1 0
github.com/brian/sink/src/main.go:112.17,113.21 1 0
github.com/brian/sink/src/main.go:114.10,116.15 2 0
github.com/brian/sink/src/main.go:120.25,187.2 1 0
github.com/brian/sink/src/main.go:189.23,255.2 1 0
github.com/brian/sink/src/main.go:257.26,328.2 1 0
github.com/brian/sink/src/main.go:330.24,402.2 1 0
github.com/brian/sink/src/main.go:404.25,422.2 1 0
github.com/brian/sink/src/main.go:424.23,431.33 5 0
github.com/brian/sink/src/main.go:431.33,433.14 2 0
github.com/brian/sink/src/main.go:434.23,436.14 2 0
github.com/brian/sink/src/main.go:437.20,438.17 1 0
github.com/brian/sink/src/main.go:439.21,440.23 1 0
github.com/brian/sink/src/main.go:440.23,443.5 2 0
github.com/brian/sink/src/main.go:443.10,446.5 2 0
github.com/brian/sink/src/main.go:447.11,448.24 1 0
github.com/brian/sink/src/main.go:448.24,450.5 1 0
github.com/brian/sink/src/main.go:450.10,453.5 2 0
github.com/brian/sink/src/main.go:457.2,457.22 1 0
github.com/brian/sink/src/main.go:457.22,460.3 2 0
github.com/brian/sink/src/main.go:463.2,464.16 2 0
github.com/brian/sink/src/main.go:464.16,467.3 2 0
github.com/brian/sink/src/main.go:470.2,470.60 1 0
github.com/brian/sink/src/main.go:475.85,483.16 5 0
github.com/brian/sink/src/main.go:483.16,486.3 2 0
github.com/brian/sink/src/main.go:489.2,489.20 1 0
github.com/brian/sink/src/main.go:489.20,491.34 2 0
github.com/brian/sink/src/main.go:491.34,493.4 1 0
github.com/brian/sink/src/main.go:497.2,498.28 2 0
github.com/brian/sink/src/main.go:498.28,501.3 2 0
github.com/brian/sink/src/main.go:504.2,505.34 2 0
github.com/brian/sink/src/main.go:505.34,506.41 1 0
github.com/brian/sink/src/main.go:506.41,508.9 2 0
github.com/brian/sink/src/main.go:512.2,512.29 1 0
github.com/brian/sink/src/main.go:512.29,515.3 2 0
github.com/brian/sink/src/main.go:517.2,534.12 13 0
github.com/brian/sink/src/main.go:534.12,537.3 2 0
github.com/brian/sink/src/main.go:537.8,548.24 5 0
github.com/brian/sink/src/main.go:548.24,551.4 2 0
github.com/brian/sink/src/main.go:552.3,552.16 1 0
github.com/brian/sink/src/main.go:556.2,557.48 2 0
github.com/brian/sink/src/main.go:557.48,558.32 1 0
github.com/brian/sink/src/main.go:558.32,561.4 2 0
github.com/brian/sink/src/main.go:561.9,561.39 1 0
github.com/brian/sink/src/main.go:561.39,563.37 2 0
github.com/brian/sink/src/main.go:563.37,566.41 2 0
github.com/brian/sink/src/main.go:566.41,568.6 1 0
github.com/brian/sink/src/main.go:570.9,570.38 1 0
github.com/brian/sink/src/main.go:570.38,572.4 1 0
github.com/brian/sink/src/main.go:572.9,572.39 1 0
github.com/brian/sink/src/main.go:572.39,574.4 1 0
github.com/brian/sink/src/main.go:578.2,584.33 5 0
github.com/brian/sink/src/main.go:584.33,585.25 1 0
github.com/brian/sink/src/main.go:585.25,587.4 1 0
github.com/brian/sink/src/main.go:587.9,589.4 1 0
github.com/brian/sink/src/main.go:592.2,592.19 1 0
github.com/brian/sink/src/main.go:592.19,595.3 2 0
github.com/brian/sink/src/main.go:595.8,596.13 1 0
github.com/brian/sink/src/main.go:596.13,598.4 1 0
github.com/brian/sink/src/main.go:598.9,600.4 1 0
github.com/brian/sink/src/main.go:604.21,606.34 1 0
github.com/brian/sink/src/main.go:606.34,607.37 1 0
github.com/brian/sink/src/main.go:607.37,610.4 2 0
github.com/brian/sink/src/main.go:613.2,613.22 1 0
github.com/brian/sink/src/main.go:613.22,617.3 3 0
github.com/brian/sink/src/main.go:619.2,623.16 3 0
github.com/brian/sink/src/main.go:623.16,626.3 2 0
github.com/brian/sink/src/main.go:628.2,628.28 1 0
github.com/brian/sink/src/main.go:628.28,631.3 2 0
github.com/brian/sink/src/main.go:634.2,641.16 6 0
github.com/brian/sink/src/main.go:641.16,644.3 2 0
github.com/brian/sink/src/main.go:647.2,648.33 2 0
github.com/brian/sink/src/main.go:648.33,653.23 5 0
github.com/brian/sink/src/main.go:653.23,655.4 1 0
github.com/brian/sink/src/main.go:656.3,656.28 1 0
github.com/brian/sink/src/main.go:656.28,658.4 1 0
github.com/brian/sink/src/main.go:659.3,659.16 1 0
github.com/brian/sink/src/main.go:663.2,664.22 2 0
github.com/brian/sink/src/main.go:664.22,666.31 2 0
github.com/brian/sink/src/main.go:666.31,668.4 1 0
github.com/brian/sink/src/main.go:672.22,674.34 1 0
github.com/brian/sink/src/main.go:674.34,675.37 1 0
github.com/brian/sink/src/main.go:675.37,678.4 2 0
github.com/brian/sink/src/main.go:682.2,682.27 1 0
github.com/brian/sink/src/main.go:685.24,687.34 1 0
github.com/brian/sink/src/main.go:687.34,688.37 1 0
github.com/brian/sink/src/main.go:688.37,691.4 2 0
github.com/brian/sink/src/main.go:694.2,694.22 1 0
github.com/brian/sink/src/main.go:694.22,698.3 3 0
github.com/brian/sink/src/main.go:700.2,704.16 3 0
github.com/brian/sink/src/main.go:704.16,707.3 2 0
github.com/brian/sink/src/main.go:710.2,716.44 6 0
github.com/brian/sink/src/main.go:716.44,719.38 3 0
github.com/brian/sink/src/main.go:719.38,721.48 2 0
github.com/brian/sink/src/main.go:721.48,723.5 1 0
github.com/brian/sink/src/main.go:728.2,728.28 1 0
github.com/brian/sink/src/main.go:728.28,732.3 3 0
github.com/brian/sink/src/remote.go:9.22,10.22 1 0
github.com/brian/sink/src/remote.go:10.22,15.3 4 0
github.com/brian/sink/src/remote.go:17.2,20.34 2 0
github.com/brian/sink/src/remote.go:20.34,21.37 1 0
github.com/brian/sink/src/remote.go:21.37,24.4 2 0
github.com/brian/sink/src/remote.go:27.2,27.20 1 0
github.com/brian/sink/src/remote.go:28.16,29.24 1 0
github.com/brian/sink/src/remote.go:30.10,33.13 3 0
github.com/brian/sink/src/remote.go:38.28,39.22 1 0
github.com/brian/sink/src/remote.go:39.22,44.3 4 0
github.com/brian/sink/src/remote.go:46.2,53.36 5 0
github.com/brian/sink/src/remote.go:53.36,55.14 2 0
github.com/brian/sink/src/remote.go:56.20,57.17 1 0
github.com/brian/sink/src/remote.go:58.23,59.20 1 0
github.com/brian/sink/src/remote.go:60.22,62.12 1 0
github.com/brian/sink/src/remote.go:63.11,65.14 2 0
github.com/brian/sink/src/remote.go:69.2,73.12 5 0
github.com/brian/sink/src/remote.go:73.12,75.3 1 0
github.com/brian/sink/src/remote.go:76.2,87.16 9 0
github.com/brian/sink/src/remote.go:87.16,89.3 1 0
github.com/brian/sink/src/remote.go:90.2,94.12 4 0
github.com/brian/sink/src/remote.go:98.24,179.2 1 0
github.com/brian/sink/src/transport.go:17.42,19.2 1 36
github.com/brian/sink/src/transport.go:22.96,35.19 6 180
github.com/brian/sink/src/transport.go:35.19,37.3 1 2
github.com/brian/sink/src/transport.go:37.8,39.3 1 178
github.com/brian/sink/src/transport.go:42.2,42.22 1 180
github.com/brian/sink/src/transport.go:42.22,44.3 1 1
github.com/brian/sink/src/transport.go:47.2,51.16 3 180
github.com/brian/sink/src/transport.go:51.16,52.47 1 21
github.com/brian/sink/src/transport.go:52.47,56.4 2 21
github.com/brian/sink/src/transport.go:59.3,59.34 1 21
github.com/brian/sink/src/transport.go:59.34,63.4 1 0
github.com/brian/sink/src/transport.go:66.2,69.38 3 180
github.com/brian/sink/src/transport.go:73.55,74.31 1 180
github.com/brian/sink/src/transport.go:74.31,76.3 1 0
github.com/brian/sink/src/transport.go:77.2,77.24 1 180
github.com/brian/sink/src/types.go:58.57,61.51 2 8
github.com/brian/sink/src/types.go:61.51,63.3 1 0
github.com/brian/sink/src/types.go:66.2,75.16 7 8
github.com/brian/sink/src/types.go:75.16,78.52 2 5
github.com/brian/sink/src/types.go:78.52,80.4 1 0
github.com/brian/sink/src/types.go:81.3,81.16 1 5
github.com/brian/sink/src/types.go:82.8,82.37 1 3
github.com/brian/sink/src/types.go:82.37,85.51 2 1
github.com/brian/sink/src/types.go:85.51,87.4 1 0
github.com/brian/sink/src/types.go:88.3,88.15 1 1
github.com/brian/sink/src/types.go:89.8,89.33 1 2
github.com/brian/sink/src/types.go:89.33,92.51 2 1
github.com/brian/sink/src/types.go:92.51,94.4 1 0
github.com/brian/sink/src/types.go:95.3,95.15 1 1
github.com/brian/sink/src/types.go:96.8,96.40 1 1
github.com/brian/sink/src/types.go:96.40,99.51 2 0
github.com/brian/sink/src/types.go:99.51,101.4 1 0
github.com/brian/sink/src/types.go:102.3,102.15 1 0
github.com/brian/sink/src/types.go:103.8,105.3 1 1
github.com/brian/sink/src/types.go:107.2,107.12 1 7
github.com/brian/sink/src/types.go:124.30,124.31 0 0
github.com/brian/sink/src/types.go:132.33,132.34 0 0
github.com/brian/sink/src/types.go:140.37,140.38 0 0
github.com/brian/sink/src/types.go:147.32,147.33 0 0
